// Jest Snapshot v1, https://goo.gl/fbAQLP

exports[`renders footer correctly 1`] = `
<div
  className="footer"
>
  <p>
    CopyRight 2021Â© Tendongze Godson
  </p>
</div>
`;
